// Jest Snapshot v1, https://goo.gl/fbAQLP

exports[`Pruebas sobre el componente GifGrid 1. Generaci√≥n del MatchSnapshot 1`] = `
<Fragment>
  <h3
    className="animate__animated animate__fadeIn"
  >
    Goku
  </h3>
  <p
    className="animate__animated animate__flash"
  >
    Loading...
  </p>
  <div
    className="card-grid"
  />
</Fragment>
`;

exports[`Pruebas sobre el componente GifGrid 2. Debe mostrar iutems cuando se cargan imagenes con el useFetchgifs 1`] = `
<Fragment>
  <h3
    className="animate__animated animate__fadeIn"
  >
    Goku
  </h3>
  <div
    className="card-grid"
  >
    <GifGridItem
      id="ABC"
      key="ABC"
      title="Cualquier cosa"
      url="https://localhost/cualquier/cosa.jpg"
    />
  </div>
</Fragment>
`;
